// Jest Snapshot v1, https://goo.gl/fbAQLP

exports[`tabs rendering should render tab 1`] = `"\\"<div class=\\\\\\"tabs js-nav\\\\\\">\\\\r\\\\n\\\\r\\\\n  <div class=\\\\\\"tab tab--right \\\\\\">\\\\r\\\\n      <button class=\\\\\\"tab__btn js-tablink first-main-tab tab__btn--active \\\\\\" data-tab=\\\\\\"pomodoros\\\\\\">pomodoros</button>\\\\r\\\\n      <button class=\\\\\\"tab__btn js-tablink second-main-tab \\\\\\" data-tab=\\\\\\"categories\\\\\\">categories</button>\\\\r\\\\n  </div>\\\\r\\\\n</div>\\\\r\\\\n\\""`;
